<?xml version="1.0" encoding="UTF-8"?>
<TestRun id="b714d91d-102f-4751-a65a-c4f3f646bf0a" name="588648@BAHCND6303ZPY 2017-11-29 14:30:50" runUser="BAH\588648" xmlns="http://microsoft.com/schemas/VisualStudio/TeamTest/2010">
  <TestSettings name="Default Test Settings" id="65ee1cce-fec8-4bd1-bf30-678d8ed31a41">
    <Execution>
      <TestTypeSpecific />
      <AgentRule name="Execution Agents">
      </AgentRule>
    </Execution>
    <Deployment runDeploymentRoot="588648_BAHCND6303ZPY 2017-11-29 14_30_50" />
    <Properties />
  </TestSettings>
  <Times creation="2017-11-29T14:30:51.0051848-05:00" queuing="2017-11-29T14:30:51.5245768-05:00" start="2017-11-29T14:30:51.6609427-05:00" finish="2017-11-29T14:30:52.0870850-05:00" />
  <ResultSummary outcome="Failed">
    <Counters total="19" executed="19" passed="11" error="0" failed="8" timeout="0" aborted="0" inconclusive="0" passedButRunAborted="0" notRunnable="0" notExecuted="0" disconnected="0" warning="0" completed="0" inProgress="0" pending="0" />
  </ResultSummary>
  <TestDefinitions>
    <UnitTest name="CanAdjustModifier" storage="c:\users\588648\unity\wofm rpg\rpgtests\bin\debug\rpgtests.dll" id="5476d142-a1ca-9be5-9cdb-18e969017ee5">
      <Execution timeOut="1800000" id="f1e61e01-da56-440e-9f65-5dc2471bc61c" />
      <TestMethod codeBase="C:/Users/588648/Unity/WoFM RPG/RPGTests/bin/Debug/RPGTests.dll" adapterTypeName="Microsoft.VisualStudio.TestTools.TestTypes.Unit.UnitTestAdapter, Microsoft.VisualStudio.QualityTools.Tips.UnitTest.Adapter, Version=15.0.0.0, Culture=neutral, PublicKeyToken=b03f5f7f11d50a3a" className="RPGTests.AttributeTest, RPGTests, Version=1.0.0.0, Culture=neutral, PublicKeyToken=null" name="CanAdjustModifier" />
    </UnitTest>
    <UnitTest name="CanConstructAllStrings" storage="c:\users\588648\unity\wofm rpg\rpgtests\bin\debug\rpgtests.dll" id="47b57626-cd2e-0623-ffe5-52c57b316f86">
      <Execution timeOut="1800000" id="f7ee5c89-d866-4211-a405-ebb4fc6954b5" />
      <TestMethod codeBase="C:/Users/588648/Unity/WoFM RPG/RPGTests/bin/Debug/RPGTests.dll" adapterTypeName="Microsoft.VisualStudio.TestTools.TestTypes.Unit.UnitTestAdapter, Microsoft.VisualStudio.QualityTools.Tips.UnitTest.Adapter, Version=15.0.0.0, Culture=neutral, PublicKeyToken=b03f5f7f11d50a3a" className="RPGTests.AttributeTest, RPGTests, Version=1.0.0.0, Culture=neutral, PublicKeyToken=null" name="CanConstructAllStrings" />
    </UnitTest>
    <UnitTest name="WillNotSetNullStringAbbr" storage="c:\users\588648\unity\wofm rpg\rpgtests\bin\debug\rpgtests.dll" id="047bc74f-ccbb-6d47-2902-637938a418bc">
      <Execution timeOut="1800000" id="02695281-347d-47c8-871b-a174f0bc588d" />
      <TestMethod codeBase="C:/Users/588648/Unity/WoFM RPG/RPGTests/bin/Debug/RPGTests.dll" adapterTypeName="Microsoft.VisualStudio.TestTools.TestTypes.Unit.UnitTestAdapter, Microsoft.VisualStudio.QualityTools.Tips.UnitTest.Adapter, Version=15.0.0.0, Culture=neutral, PublicKeyToken=b03f5f7f11d50a3a" className="RPGTests.AttributeTest, RPGTests, Version=1.0.0.0, Culture=neutral, PublicKeyToken=null" name="WillNotSetNullStringAbbr" />
    </UnitTest>
    <UnitTest name="CanCalculateFullValue" storage="c:\users\588648\unity\wofm rpg\rpgtests\bin\debug\rpgtests.dll" id="99e3a543-993d-9a41-f6ea-a013b4d01832">
      <Execution timeOut="1800000" id="7080dfd4-d040-497e-8d28-72b7106c892c" />
      <TestMethod codeBase="C:/Users/588648/Unity/WoFM RPG/RPGTests/bin/Debug/RPGTests.dll" adapterTypeName="Microsoft.VisualStudio.TestTools.TestTypes.Unit.UnitTestAdapter, Microsoft.VisualStudio.QualityTools.Tips.UnitTest.Adapter, Version=15.0.0.0, Culture=neutral, PublicKeyToken=b03f5f7f11d50a3a" className="RPGTests.AttributeTest, RPGTests, Version=1.0.0.0, Culture=neutral, PublicKeyToken=null" name="CanCalculateFullValue" />
    </UnitTest>
    <UnitTest name="WillNotConstructStringNullDesc" storage="c:\users\588648\unity\wofm rpg\rpgtests\bin\debug\rpgtests.dll" id="dae9ea05-74ee-3254-9c15-e172e757d458">
      <Execution timeOut="1800000" id="672cb63f-1f14-42f6-84ec-880a92f95e8c" />
      <TestMethod codeBase="C:/Users/588648/Unity/WoFM RPG/RPGTests/bin/Debug/RPGTests.dll" adapterTypeName="Microsoft.VisualStudio.TestTools.TestTypes.Unit.UnitTestAdapter, Microsoft.VisualStudio.QualityTools.Tips.UnitTest.Adapter, Version=15.0.0.0, Culture=neutral, PublicKeyToken=b03f5f7f11d50a3a" className="RPGTests.AttributeTest, RPGTests, Version=1.0.0.0, Culture=neutral, PublicKeyToken=null" name="WillNotConstructStringNullDesc" />
    </UnitTest>
    <UnitTest name="CanCreate" storage="c:\users\588648\unity\wofm rpg\rpgtests\bin\debug\rpgtests.dll" id="54525cae-3c79-3020-f5d8-8c662dcdc34a">
      <Execution timeOut="1800000" id="955501b9-0794-486d-ae17-7596c1624ecf" />
      <TestMethod codeBase="C:/Users/588648/Unity/WoFM RPG/RPGTests/bin/Debug/RPGTests.dll" adapterTypeName="Microsoft.VisualStudio.TestTools.TestTypes.Unit.UnitTestAdapter, Microsoft.VisualStudio.QualityTools.Tips.UnitTest.Adapter, Version=15.0.0.0, Culture=neutral, PublicKeyToken=b03f5f7f11d50a3a" className="RPGTests.Flyweights.RPGExceptionTest, RPGTests, Version=1.0.0.0, Culture=neutral, PublicKeyToken=null" name="CanCreate" />
    </UnitTest>
    <UnitTest name="WillNotConstructStringNullName2" storage="c:\users\588648\unity\wofm rpg\rpgtests\bin\debug\rpgtests.dll" id="f119cc69-e923-9cde-6ae9-705d11abf938">
      <Execution timeOut="1800000" id="c105af31-51b2-472c-9962-7c1a1e2506ba" />
      <TestMethod codeBase="C:/Users/588648/Unity/WoFM RPG/RPGTests/bin/Debug/RPGTests.dll" adapterTypeName="Microsoft.VisualStudio.TestTools.TestTypes.Unit.UnitTestAdapter, Microsoft.VisualStudio.QualityTools.Tips.UnitTest.Adapter, Version=15.0.0.0, Culture=neutral, PublicKeyToken=b03f5f7f11d50a3a" className="RPGTests.AttributeTest, RPGTests, Version=1.0.0.0, Culture=neutral, PublicKeyToken=null" name="WillNotConstructStringNullName2" />
    </UnitTest>
    <UnitTest name="WillNotConstructStringNullName" storage="c:\users\588648\unity\wofm rpg\rpgtests\bin\debug\rpgtests.dll" id="4652a392-a5af-5316-9721-fdb506f322f9">
      <Execution timeOut="1800000" id="11db526f-dc39-414b-9017-8d5e9c3fe08f" />
      <TestMethod codeBase="C:/Users/588648/Unity/WoFM RPG/RPGTests/bin/Debug/RPGTests.dll" adapterTypeName="Microsoft.VisualStudio.TestTools.TestTypes.Unit.UnitTestAdapter, Microsoft.VisualStudio.QualityTools.Tips.UnitTest.Adapter, Version=15.0.0.0, Culture=neutral, PublicKeyToken=b03f5f7f11d50a3a" className="RPGTests.AttributeTest, RPGTests, Version=1.0.0.0, Culture=neutral, PublicKeyToken=null" name="WillNotConstructStringNullName" />
    </UnitTest>
    <UnitTest name="CanSetDesc" storage="c:\users\588648\unity\wofm rpg\rpgtests\bin\debug\rpgtests.dll" id="b7097a7a-0b2a-502d-892b-03190889bcaf">
      <Execution timeOut="1800000" id="7ab0c869-03ee-413f-9cfc-e7d48b3fcf43" />
      <TestMethod codeBase="C:/Users/588648/Unity/WoFM RPG/RPGTests/bin/Debug/RPGTests.dll" adapterTypeName="Microsoft.VisualStudio.TestTools.TestTypes.Unit.UnitTestAdapter, Microsoft.VisualStudio.QualityTools.Tips.UnitTest.Adapter, Version=15.0.0.0, Culture=neutral, PublicKeyToken=b03f5f7f11d50a3a" className="RPGTests.AttributeTest, RPGTests, Version=1.0.0.0, Culture=neutral, PublicKeyToken=null" name="CanSetDesc" />
    </UnitTest>
    <UnitTest name="CanSetName" storage="c:\users\588648\unity\wofm rpg\rpgtests\bin\debug\rpgtests.dll" id="642249cd-5ab3-6f65-1133-19acb8f50718">
      <Execution timeOut="1800000" id="f18841b0-a4d6-4ea3-8f49-aec8239858df" />
      <TestMethod codeBase="C:/Users/588648/Unity/WoFM RPG/RPGTests/bin/Debug/RPGTests.dll" adapterTypeName="Microsoft.VisualStudio.TestTools.TestTypes.Unit.UnitTestAdapter, Microsoft.VisualStudio.QualityTools.Tips.UnitTest.Adapter, Version=15.0.0.0, Culture=neutral, PublicKeyToken=b03f5f7f11d50a3a" className="RPGTests.AttributeTest, RPGTests, Version=1.0.0.0, Culture=neutral, PublicKeyToken=null" name="CanSetName" />
    </UnitTest>
    <UnitTest name="CanSetBase" storage="c:\users\588648\unity\wofm rpg\rpgtests\bin\debug\rpgtests.dll" id="2b2c7923-45a5-dd7f-2f44-aff0def5371a">
      <Execution timeOut="1800000" id="97d85933-a6e4-47a7-bfeb-581678fec341" />
      <TestMethod codeBase="C:/Users/588648/Unity/WoFM RPG/RPGTests/bin/Debug/RPGTests.dll" adapterTypeName="Microsoft.VisualStudio.TestTools.TestTypes.Unit.UnitTestAdapter, Microsoft.VisualStudio.QualityTools.Tips.UnitTest.Adapter, Version=15.0.0.0, Culture=neutral, PublicKeyToken=b03f5f7f11d50a3a" className="RPGTests.AttributeTest, RPGTests, Version=1.0.0.0, Culture=neutral, PublicKeyToken=null" name="CanSetBase" />
    </UnitTest>
    <UnitTest name="CanSetAbbr" storage="c:\users\588648\unity\wofm rpg\rpgtests\bin\debug\rpgtests.dll" id="170c3ab7-e6a9-a78b-4701-9394b3cf3f61">
      <Execution timeOut="1800000" id="2c8becce-2d6e-423e-a31b-bf7f03672944" />
      <TestMethod codeBase="C:/Users/588648/Unity/WoFM RPG/RPGTests/bin/Debug/RPGTests.dll" adapterTypeName="Microsoft.VisualStudio.TestTools.TestTypes.Unit.UnitTestAdapter, Microsoft.VisualStudio.QualityTools.Tips.UnitTest.Adapter, Version=15.0.0.0, Culture=neutral, PublicKeyToken=b03f5f7f11d50a3a" className="RPGTests.AttributeTest, RPGTests, Version=1.0.0.0, Culture=neutral, PublicKeyToken=null" name="CanSetAbbr" />
    </UnitTest>
    <UnitTest name="CanConstruct2Strings" storage="c:\users\588648\unity\wofm rpg\rpgtests\bin\debug\rpgtests.dll" id="e7adda1c-8cd3-1c6d-a2d1-3152a886e59c">
      <Execution timeOut="1800000" id="802b5503-01e1-483a-8afa-30bb49b112f5" />
      <TestMethod codeBase="C:/Users/588648/Unity/WoFM RPG/RPGTests/bin/Debug/RPGTests.dll" adapterTypeName="Microsoft.VisualStudio.TestTools.TestTypes.Unit.UnitTestAdapter, Microsoft.VisualStudio.QualityTools.Tips.UnitTest.Adapter, Version=15.0.0.0, Culture=neutral, PublicKeyToken=b03f5f7f11d50a3a" className="RPGTests.AttributeTest, RPGTests, Version=1.0.0.0, Culture=neutral, PublicKeyToken=null" name="CanConstruct2Strings" />
    </UnitTest>
    <UnitTest name="WillNotConstructNullStringAbbreviation" storage="c:\users\588648\unity\wofm rpg\rpgtests\bin\debug\rpgtests.dll" id="5eb59ec9-eba4-b6ff-a211-2a0a87517b35">
      <Execution timeOut="1800000" id="af6d9088-28b9-4143-a8dc-5b21e19cf44e" />
      <TestMethod codeBase="C:/Users/588648/Unity/WoFM RPG/RPGTests/bin/Debug/RPGTests.dll" adapterTypeName="Microsoft.VisualStudio.TestTools.TestTypes.Unit.UnitTestAdapter, Microsoft.VisualStudio.QualityTools.Tips.UnitTest.Adapter, Version=15.0.0.0, Culture=neutral, PublicKeyToken=b03f5f7f11d50a3a" className="RPGTests.AttributeTest, RPGTests, Version=1.0.0.0, Culture=neutral, PublicKeyToken=null" name="WillNotConstructNullStringAbbreviation" />
    </UnitTest>
    <UnitTest name="WillNotConstructNullStringName" storage="c:\users\588648\unity\wofm rpg\rpgtests\bin\debug\rpgtests.dll" id="f1d6c4a0-d258-e8a3-9530-fe8bb4f19251">
      <Execution timeOut="1800000" id="43fa90d8-b277-49ac-89e8-cf63e6d99687" />
      <TestMethod codeBase="C:/Users/588648/Unity/WoFM RPG/RPGTests/bin/Debug/RPGTests.dll" adapterTypeName="Microsoft.VisualStudio.TestTools.TestTypes.Unit.UnitTestAdapter, Microsoft.VisualStudio.QualityTools.Tips.UnitTest.Adapter, Version=15.0.0.0, Culture=neutral, PublicKeyToken=b03f5f7f11d50a3a" className="RPGTests.AttributeTest, RPGTests, Version=1.0.0.0, Culture=neutral, PublicKeyToken=null" name="WillNotConstructNullStringName" />
    </UnitTest>
    <UnitTest name="CanClearModifier" storage="c:\users\588648\unity\wofm rpg\rpgtests\bin\debug\rpgtests.dll" id="77736c10-5f5a-678c-e75f-bc3bd588b32a">
      <Execution timeOut="1800000" id="7519a783-a82d-494a-b777-a8a3929a7ad9" />
      <TestMethod codeBase="C:/Users/588648/Unity/WoFM RPG/RPGTests/bin/Debug/RPGTests.dll" adapterTypeName="Microsoft.VisualStudio.TestTools.TestTypes.Unit.UnitTestAdapter, Microsoft.VisualStudio.QualityTools.Tips.UnitTest.Adapter, Version=15.0.0.0, Culture=neutral, PublicKeyToken=b03f5f7f11d50a3a" className="RPGTests.AttributeTest, RPGTests, Version=1.0.0.0, Culture=neutral, PublicKeyToken=null" name="CanClearModifier" />
    </UnitTest>
    <UnitTest name="CanGetRandom" storage="c:\users\588648\unity\wofm rpg\rpgtests\bin\debug\rpgtests.dll" id="00092199-c1a5-c9e4-044a-6e740415de2f">
      <Execution timeOut="1800000" id="6183d239-7730-434a-b9bf-d6290290b757" />
      <TestMethod codeBase="C:/Users/588648/Unity/WoFM RPG/RPGTests/bin/Debug/RPGTests.dll" adapterTypeName="Microsoft.VisualStudio.TestTools.TestTypes.Unit.UnitTestAdapter, Microsoft.VisualStudio.QualityTools.Tips.UnitTest.Adapter, Version=15.0.0.0, Culture=neutral, PublicKeyToken=b03f5f7f11d50a3a" className="RPGTests.Singletons.DicerollerTest, RPGTests, Version=1.0.0.0, Culture=neutral, PublicKeyToken=null" name="CanGetRandom" />
    </UnitTest>
    <UnitTest name="WillNotSetNullStringDesc" storage="c:\users\588648\unity\wofm rpg\rpgtests\bin\debug\rpgtests.dll" id="057e90bb-be40-e925-14e8-f7130ffceb74">
      <Execution timeOut="1800000" id="39d229b8-70b0-4166-a165-2ebee1b75345" />
      <TestMethod codeBase="C:/Users/588648/Unity/WoFM RPG/RPGTests/bin/Debug/RPGTests.dll" adapterTypeName="Microsoft.VisualStudio.TestTools.TestTypes.Unit.UnitTestAdapter, Microsoft.VisualStudio.QualityTools.Tips.UnitTest.Adapter, Version=15.0.0.0, Culture=neutral, PublicKeyToken=b03f5f7f11d50a3a" className="RPGTests.AttributeTest, RPGTests, Version=1.0.0.0, Culture=neutral, PublicKeyToken=null" name="WillNotSetNullStringDesc" />
    </UnitTest>
    <UnitTest name="WillNotSetNullStringName" storage="c:\users\588648\unity\wofm rpg\rpgtests\bin\debug\rpgtests.dll" id="66cb89c9-d015-c05f-789c-7da48b797567">
      <Execution timeOut="1800000" id="49fc38a3-9a67-45be-83c8-c89c55cdbdba" />
      <TestMethod codeBase="C:/Users/588648/Unity/WoFM RPG/RPGTests/bin/Debug/RPGTests.dll" adapterTypeName="Microsoft.VisualStudio.TestTools.TestTypes.Unit.UnitTestAdapter, Microsoft.VisualStudio.QualityTools.Tips.UnitTest.Adapter, Version=15.0.0.0, Culture=neutral, PublicKeyToken=b03f5f7f11d50a3a" className="RPGTests.AttributeTest, RPGTests, Version=1.0.0.0, Culture=neutral, PublicKeyToken=null" name="WillNotSetNullStringName" />
    </UnitTest>
  </TestDefinitions>
  <TestLists>
    <TestList name="Results Not in a List" id="8c84fa94-04c1-424b-9868-57a2d4851a1d" />
    <TestList name="All Loaded Results" id="19431567-8539-422a-85d7-44ee4e166bda" />
  </TestLists>
  <TestEntries>
    <TestEntry testId="5476d142-a1ca-9be5-9cdb-18e969017ee5" executionId="f1e61e01-da56-440e-9f65-5dc2471bc61c" testListId="8c84fa94-04c1-424b-9868-57a2d4851a1d" />
    <TestEntry testId="99e3a543-993d-9a41-f6ea-a013b4d01832" executionId="7080dfd4-d040-497e-8d28-72b7106c892c" testListId="8c84fa94-04c1-424b-9868-57a2d4851a1d" />
    <TestEntry testId="77736c10-5f5a-678c-e75f-bc3bd588b32a" executionId="7519a783-a82d-494a-b777-a8a3929a7ad9" testListId="8c84fa94-04c1-424b-9868-57a2d4851a1d" />
    <TestEntry testId="e7adda1c-8cd3-1c6d-a2d1-3152a886e59c" executionId="802b5503-01e1-483a-8afa-30bb49b112f5" testListId="8c84fa94-04c1-424b-9868-57a2d4851a1d" />
    <TestEntry testId="47b57626-cd2e-0623-ffe5-52c57b316f86" executionId="f7ee5c89-d866-4211-a405-ebb4fc6954b5" testListId="8c84fa94-04c1-424b-9868-57a2d4851a1d" />
    <TestEntry testId="170c3ab7-e6a9-a78b-4701-9394b3cf3f61" executionId="2c8becce-2d6e-423e-a31b-bf7f03672944" testListId="8c84fa94-04c1-424b-9868-57a2d4851a1d" />
    <TestEntry testId="2b2c7923-45a5-dd7f-2f44-aff0def5371a" executionId="97d85933-a6e4-47a7-bfeb-581678fec341" testListId="8c84fa94-04c1-424b-9868-57a2d4851a1d" />
    <TestEntry testId="b7097a7a-0b2a-502d-892b-03190889bcaf" executionId="7ab0c869-03ee-413f-9cfc-e7d48b3fcf43" testListId="8c84fa94-04c1-424b-9868-57a2d4851a1d" />
    <TestEntry testId="642249cd-5ab3-6f65-1133-19acb8f50718" executionId="f18841b0-a4d6-4ea3-8f49-aec8239858df" testListId="8c84fa94-04c1-424b-9868-57a2d4851a1d" />
    <TestEntry testId="5eb59ec9-eba4-b6ff-a211-2a0a87517b35" executionId="af6d9088-28b9-4143-a8dc-5b21e19cf44e" testListId="8c84fa94-04c1-424b-9868-57a2d4851a1d" />
    <TestEntry testId="f1d6c4a0-d258-e8a3-9530-fe8bb4f19251" executionId="43fa90d8-b277-49ac-89e8-cf63e6d99687" testListId="8c84fa94-04c1-424b-9868-57a2d4851a1d" />
    <TestEntry testId="dae9ea05-74ee-3254-9c15-e172e757d458" executionId="672cb63f-1f14-42f6-84ec-880a92f95e8c" testListId="8c84fa94-04c1-424b-9868-57a2d4851a1d" />
    <TestEntry testId="4652a392-a5af-5316-9721-fdb506f322f9" executionId="11db526f-dc39-414b-9017-8d5e9c3fe08f" testListId="8c84fa94-04c1-424b-9868-57a2d4851a1d" />
    <TestEntry testId="f119cc69-e923-9cde-6ae9-705d11abf938" executionId="c105af31-51b2-472c-9962-7c1a1e2506ba" testListId="8c84fa94-04c1-424b-9868-57a2d4851a1d" />
    <TestEntry testId="047bc74f-ccbb-6d47-2902-637938a418bc" executionId="02695281-347d-47c8-871b-a174f0bc588d" testListId="8c84fa94-04c1-424b-9868-57a2d4851a1d" />
    <TestEntry testId="057e90bb-be40-e925-14e8-f7130ffceb74" executionId="39d229b8-70b0-4166-a165-2ebee1b75345" testListId="8c84fa94-04c1-424b-9868-57a2d4851a1d" />
    <TestEntry testId="66cb89c9-d015-c05f-789c-7da48b797567" executionId="49fc38a3-9a67-45be-83c8-c89c55cdbdba" testListId="8c84fa94-04c1-424b-9868-57a2d4851a1d" />
    <TestEntry testId="54525cae-3c79-3020-f5d8-8c662dcdc34a" executionId="955501b9-0794-486d-ae17-7596c1624ecf" testListId="8c84fa94-04c1-424b-9868-57a2d4851a1d" />
    <TestEntry testId="00092199-c1a5-c9e4-044a-6e740415de2f" executionId="6183d239-7730-434a-b9bf-d6290290b757" testListId="8c84fa94-04c1-424b-9868-57a2d4851a1d" />
  </TestEntries>
  <Results>
    <UnitTestResult executionId="f1e61e01-da56-440e-9f65-5dc2471bc61c" testId="5476d142-a1ca-9be5-9cdb-18e969017ee5" testName="CanAdjustModifier" computerName="BAHCND6303ZPY" duration="00:00:00.0294015" startTime="2017-11-29T14:30:51.7411584-05:00" endTime="2017-11-29T14:30:51.8444350-05:00" testType="13cdc9d9-ddb5-4fa4-a97d-d965ccfc6d4b" outcome="Passed" testListId="8c84fa94-04c1-424b-9868-57a2d4851a1d" relativeResultsDirectory="f1e61e01-da56-440e-9f65-5dc2471bc61c">
    </UnitTestResult>
    <UnitTestResult executionId="7080dfd4-d040-497e-8d28-72b7106c892c" testId="99e3a543-993d-9a41-f6ea-a013b4d01832" testName="CanCalculateFullValue" computerName="BAHCND6303ZPY" duration="00:00:00.0004210" startTime="2017-11-29T14:30:51.8464393-05:00" endTime="2017-11-29T14:30:51.8484454-05:00" testType="13cdc9d9-ddb5-4fa4-a97d-d965ccfc6d4b" outcome="Passed" testListId="8c84fa94-04c1-424b-9868-57a2d4851a1d" relativeResultsDirectory="7080dfd4-d040-497e-8d28-72b7106c892c">
    </UnitTestResult>
    <UnitTestResult executionId="7519a783-a82d-494a-b777-a8a3929a7ad9" testId="77736c10-5f5a-678c-e75f-bc3bd588b32a" testName="CanClearModifier" computerName="BAHCND6303ZPY" duration="00:00:00.0004055" startTime="2017-11-29T14:30:51.8494479-05:00" endTime="2017-11-29T14:30:51.8504508-05:00" testType="13cdc9d9-ddb5-4fa4-a97d-d965ccfc6d4b" outcome="Passed" testListId="8c84fa94-04c1-424b-9868-57a2d4851a1d" relativeResultsDirectory="7519a783-a82d-494a-b777-a8a3929a7ad9">
    </UnitTestResult>
    <UnitTestResult executionId="802b5503-01e1-483a-8afa-30bb49b112f5" testId="e7adda1c-8cd3-1c6d-a2d1-3152a886e59c" testName="CanConstruct2Strings" computerName="BAHCND6303ZPY" duration="00:00:00.0007819" startTime="2017-11-29T14:30:51.8524562-05:00" endTime="2017-11-29T14:30:51.8534587-05:00" testType="13cdc9d9-ddb5-4fa4-a97d-d965ccfc6d4b" outcome="Passed" testListId="8c84fa94-04c1-424b-9868-57a2d4851a1d" relativeResultsDirectory="802b5503-01e1-483a-8afa-30bb49b112f5">
    </UnitTestResult>
    <UnitTestResult executionId="f7ee5c89-d866-4211-a405-ebb4fc6954b5" testId="47b57626-cd2e-0623-ffe5-52c57b316f86" testName="CanConstructAllStrings" computerName="BAHCND6303ZPY" duration="00:00:00.0004546" startTime="2017-11-29T14:30:51.8544615-05:00" endTime="2017-11-29T14:30:51.8554640-05:00" testType="13cdc9d9-ddb5-4fa4-a97d-d965ccfc6d4b" outcome="Passed" testListId="8c84fa94-04c1-424b-9868-57a2d4851a1d" relativeResultsDirectory="f7ee5c89-d866-4211-a405-ebb4fc6954b5">
    </UnitTestResult>
    <UnitTestResult executionId="2c8becce-2d6e-423e-a31b-bf7f03672944" testId="170c3ab7-e6a9-a78b-4701-9394b3cf3f61" testName="CanSetAbbr" computerName="BAHCND6303ZPY" duration="00:00:00.0017051" startTime="2017-11-29T14:30:51.8574698-05:00" endTime="2017-11-29T14:30:51.8594744-05:00" testType="13cdc9d9-ddb5-4fa4-a97d-d965ccfc6d4b" outcome="Passed" testListId="8c84fa94-04c1-424b-9868-57a2d4851a1d" relativeResultsDirectory="2c8becce-2d6e-423e-a31b-bf7f03672944">
    </UnitTestResult>
    <UnitTestResult executionId="97d85933-a6e4-47a7-bfeb-581678fec341" testId="2b2c7923-45a5-dd7f-2f44-aff0def5371a" testName="CanSetBase" computerName="BAHCND6303ZPY" duration="00:00:00.0260433" startTime="2017-11-29T14:30:51.8614802-05:00" endTime="2017-11-29T14:30:51.8875500-05:00" testType="13cdc9d9-ddb5-4fa4-a97d-d965ccfc6d4b" outcome="Passed" testListId="8c84fa94-04c1-424b-9868-57a2d4851a1d" relativeResultsDirectory="97d85933-a6e4-47a7-bfeb-581678fec341">
    </UnitTestResult>
    <UnitTestResult executionId="7ab0c869-03ee-413f-9cfc-e7d48b3fcf43" testId="b7097a7a-0b2a-502d-892b-03190889bcaf" testName="CanSetDesc" computerName="BAHCND6303ZPY" duration="00:00:00.0004451" startTime="2017-11-29T14:30:51.8965872-05:00" endTime="2017-11-29T14:30:51.8985794-05:00" testType="13cdc9d9-ddb5-4fa4-a97d-d965ccfc6d4b" outcome="Passed" testListId="8c84fa94-04c1-424b-9868-57a2d4851a1d" relativeResultsDirectory="7ab0c869-03ee-413f-9cfc-e7d48b3fcf43">
    </UnitTestResult>
    <UnitTestResult executionId="f18841b0-a4d6-4ea3-8f49-aec8239858df" testId="642249cd-5ab3-6f65-1133-19acb8f50718" testName="CanSetName" computerName="BAHCND6303ZPY" duration="00:00:00.0137137" startTime="2017-11-29T14:30:51.8995823-05:00" endTime="2017-11-29T14:30:51.9146220-05:00" testType="13cdc9d9-ddb5-4fa4-a97d-d965ccfc6d4b" outcome="Passed" testListId="8c84fa94-04c1-424b-9868-57a2d4851a1d" relativeResultsDirectory="f18841b0-a4d6-4ea3-8f49-aec8239858df">
    </UnitTestResult>
    <UnitTestResult executionId="af6d9088-28b9-4143-a8dc-5b21e19cf44e" testId="5eb59ec9-eba4-b6ff-a211-2a0a87517b35" testName="WillNotConstructNullStringAbbreviation" computerName="BAHCND6303ZPY" duration="00:00:00.0368368" startTime="2017-11-29T14:30:51.9166281-05:00" endTime="2017-11-29T14:30:51.9547314-05:00" testType="13cdc9d9-ddb5-4fa4-a97d-d965ccfc6d4b" outcome="Failed" testListId="8c84fa94-04c1-424b-9868-57a2d4851a1d" relativeResultsDirectory="af6d9088-28b9-4143-a8dc-5b21e19cf44e">
      <Output>
        <ErrorInfo>
          <Message>Test method RPGTests.AttributeTest.WillNotConstructNullStringAbbreviation threw exception: 
RPGBase.Flyweights.RPGException: ErrorMessage [BAD_PARAMETERS user_message = Bad Parameters, developer_message = Name abbreviation cannot be null]</Message>
          <StackTrace>    at RPGBase.Flyweights.Attribute..ctor(String a, String n)
   at RPGTests.AttributeTest.WillNotConstructNullStringAbbreviation() in C:\Users\588648\Unity\WoFM RPG\RPGTests\Flyweights\AttributeTest.cs:line 128
</StackTrace>
        </ErrorInfo>
      </Output>
    </UnitTestResult>
    <UnitTestResult executionId="43fa90d8-b277-49ac-89e8-cf63e6d99687" testId="f1d6c4a0-d258-e8a3-9530-fe8bb4f19251" testName="WillNotConstructNullStringName" computerName="BAHCND6303ZPY" duration="00:00:00.0020785" startTime="2017-11-29T14:30:51.9557328-05:00" endTime="2017-11-29T14:30:51.9607460-05:00" testType="13cdc9d9-ddb5-4fa4-a97d-d965ccfc6d4b" outcome="Failed" testListId="8c84fa94-04c1-424b-9868-57a2d4851a1d" relativeResultsDirectory="43fa90d8-b277-49ac-89e8-cf63e6d99687">
      <Output>
        <ErrorInfo>
          <Message>Test method RPGTests.AttributeTest.WillNotConstructNullStringName threw exception: 
RPGBase.Flyweights.RPGException: ErrorMessage [BAD_PARAMETERS user_message = Bad Parameters, developer_message = Display name cannot be null]</Message>
          <StackTrace>    at RPGBase.Flyweights.Attribute..ctor(String a, String n)
   at RPGTests.AttributeTest.WillNotConstructNullStringName() in C:\Users\588648\Unity\WoFM RPG\RPGTests\Flyweights\AttributeTest.cs:line 135
</StackTrace>
        </ErrorInfo>
      </Output>
    </UnitTestResult>
    <UnitTestResult executionId="672cb63f-1f14-42f6-84ec-880a92f95e8c" testId="dae9ea05-74ee-3254-9c15-e172e757d458" testName="WillNotConstructStringNullDesc" computerName="BAHCND6303ZPY" duration="00:00:00.0190267" startTime="2017-11-29T14:30:51.9627514-05:00" endTime="2017-11-29T14:30:51.9828055-05:00" testType="13cdc9d9-ddb5-4fa4-a97d-d965ccfc6d4b" outcome="Failed" testListId="8c84fa94-04c1-424b-9868-57a2d4851a1d" relativeResultsDirectory="672cb63f-1f14-42f6-84ec-880a92f95e8c">
      <Output>
        <ErrorInfo>
          <Message>Test method RPGTests.AttributeTest.WillNotConstructStringNullDesc threw exception: 
RPGBase.Flyweights.RPGException: ErrorMessage [BAD_PARAMETERS user_message = Bad Parameters, developer_message = Description cannot be null]</Message>
          <StackTrace>    at RPGBase.Flyweights.Attribute..ctor(String a, String n, String desc)
   at RPGTests.AttributeTest.WillNotConstructStringNullDesc() in C:\Users\588648\Unity\WoFM RPG\RPGTests\Flyweights\AttributeTest.cs:line 142
</StackTrace>
        </ErrorInfo>
      </Output>
    </UnitTestResult>
    <UnitTestResult executionId="11db526f-dc39-414b-9017-8d5e9c3fe08f" testId="4652a392-a5af-5316-9721-fdb506f322f9" testName="WillNotConstructStringNullName" computerName="BAHCND6303ZPY" duration="00:00:00.0016987" startTime="2017-11-29T14:30:51.9858130-05:00" endTime="2017-11-29T14:30:51.9888220-05:00" testType="13cdc9d9-ddb5-4fa4-a97d-d965ccfc6d4b" outcome="Failed" testListId="8c84fa94-04c1-424b-9868-57a2d4851a1d" relativeResultsDirectory="11db526f-dc39-414b-9017-8d5e9c3fe08f">
      <Output>
        <ErrorInfo>
          <Message>Test method RPGTests.AttributeTest.WillNotConstructStringNullName threw exception: 
RPGBase.Flyweights.RPGException: ErrorMessage [BAD_PARAMETERS user_message = Bad Parameters, developer_message = Display name cannot be null]</Message>
          <StackTrace>    at RPGBase.Flyweights.Attribute..ctor(String a, String n)
   at RPGTests.AttributeTest.WillNotConstructStringNullName() in C:\Users\588648\Unity\WoFM RPG\RPGTests\Flyweights\AttributeTest.cs:line 149
</StackTrace>
        </ErrorInfo>
      </Output>
    </UnitTestResult>
    <UnitTestResult executionId="c105af31-51b2-472c-9962-7c1a1e2506ba" testId="f119cc69-e923-9cde-6ae9-705d11abf938" testName="WillNotConstructStringNullName2" computerName="BAHCND6303ZPY" duration="00:00:00.0019113" startTime="2017-11-29T14:30:51.9908270-05:00" endTime="2017-11-29T14:30:51.9938349-05:00" testType="13cdc9d9-ddb5-4fa4-a97d-d965ccfc6d4b" outcome="Failed" testListId="8c84fa94-04c1-424b-9868-57a2d4851a1d" relativeResultsDirectory="c105af31-51b2-472c-9962-7c1a1e2506ba">
      <Output>
        <ErrorInfo>
          <Message>Test method RPGTests.AttributeTest.WillNotConstructStringNullName2 threw exception: 
RPGBase.Flyweights.RPGException: ErrorMessage [BAD_PARAMETERS user_message = Bad Parameters, developer_message = Display name cannot be null]</Message>
          <StackTrace>    at RPGBase.Flyweights.Attribute..ctor(String a, String n, String desc)
   at RPGTests.AttributeTest.WillNotConstructStringNullName2() in C:\Users\588648\Unity\WoFM RPG\RPGTests\Flyweights\AttributeTest.cs:line 156
</StackTrace>
        </ErrorInfo>
      </Output>
    </UnitTestResult>
    <UnitTestResult executionId="02695281-347d-47c8-871b-a174f0bc588d" testId="047bc74f-ccbb-6d47-2902-637938a418bc" testName="WillNotSetNullStringAbbr" computerName="BAHCND6303ZPY" duration="00:00:00.0014774" startTime="2017-11-29T14:30:51.9968428-05:00" endTime="2017-11-29T14:30:51.9998510-05:00" testType="13cdc9d9-ddb5-4fa4-a97d-d965ccfc6d4b" outcome="Failed" testListId="8c84fa94-04c1-424b-9868-57a2d4851a1d" relativeResultsDirectory="02695281-347d-47c8-871b-a174f0bc588d">
      <Output>
        <ErrorInfo>
          <Message>Test method RPGTests.AttributeTest.WillNotSetNullStringAbbr threw exception: 
RPGBase.Flyweights.RPGException: ErrorMessage [BAD_PARAMETERS user_message = Bad Parameters, developer_message = Abbreviation cannot be null]</Message>
          <StackTrace>    at RPGBase.Flyweights.Attribute.set_Abbr(String value)
   at RPGTests.AttributeTest.WillNotSetNullStringAbbr() in C:\Users\588648\Unity\WoFM RPG\RPGTests\Flyweights\AttributeTest.cs:line 162
</StackTrace>
        </ErrorInfo>
      </Output>
    </UnitTestResult>
    <UnitTestResult executionId="39d229b8-70b0-4166-a165-2ebee1b75345" testId="057e90bb-be40-e925-14e8-f7130ffceb74" testName="WillNotSetNullStringDesc" computerName="BAHCND6303ZPY" duration="00:00:00.0017323" startTime="2017-11-29T14:30:52.0018568-05:00" endTime="2017-11-29T14:30:52.0048669-05:00" testType="13cdc9d9-ddb5-4fa4-a97d-d965ccfc6d4b" outcome="Failed" testListId="8c84fa94-04c1-424b-9868-57a2d4851a1d" relativeResultsDirectory="39d229b8-70b0-4166-a165-2ebee1b75345">
      <Output>
        <ErrorInfo>
          <Message>Test method RPGTests.AttributeTest.WillNotSetNullStringDesc threw exception: 
RPGBase.Flyweights.RPGException: ErrorMessage [BAD_PARAMETERS user_message = Bad Parameters, developer_message = Description cannot be null]</Message>
          <StackTrace>    at RPGBase.Flyweights.Attribute.set_Description(String value)
   at RPGTests.AttributeTest.WillNotSetNullStringDesc() in C:\Users\588648\Unity\WoFM RPG\RPGTests\Flyweights\AttributeTest.cs:line 168
</StackTrace>
        </ErrorInfo>
      </Output>
    </UnitTestResult>
    <UnitTestResult executionId="49fc38a3-9a67-45be-83c8-c89c55cdbdba" testId="66cb89c9-d015-c05f-789c-7da48b797567" testName="WillNotSetNullStringName" computerName="BAHCND6303ZPY" duration="00:00:00.0017931" startTime="2017-11-29T14:30:52.0078729-05:00" endTime="2017-11-29T14:30:52.0108804-05:00" testType="13cdc9d9-ddb5-4fa4-a97d-d965ccfc6d4b" outcome="Failed" testListId="8c84fa94-04c1-424b-9868-57a2d4851a1d" relativeResultsDirectory="49fc38a3-9a67-45be-83c8-c89c55cdbdba">
      <Output>
        <ErrorInfo>
          <Message>Test method RPGTests.AttributeTest.WillNotSetNullStringName threw exception: 
RPGBase.Flyweights.RPGException: ErrorMessage [BAD_PARAMETERS user_message = Bad Parameters, developer_message = Display name cannot be null]</Message>
          <StackTrace>    at RPGBase.Flyweights.Attribute.set_DisplayName(String value)
   at RPGTests.AttributeTest.WillNotSetNullStringName() in C:\Users\588648\Unity\WoFM RPG\RPGTests\Flyweights\AttributeTest.cs:line 174
</StackTrace>
        </ErrorInfo>
      </Output>
    </UnitTestResult>
    <UnitTestResult executionId="955501b9-0794-486d-ae17-7596c1624ecf" testId="54525cae-3c79-3020-f5d8-8c662dcdc34a" testName="CanCreate" computerName="BAHCND6303ZPY" duration="00:00:00.0019547" startTime="2017-11-29T14:30:52.0128858-05:00" endTime="2017-11-29T14:30:52.0158936-05:00" testType="13cdc9d9-ddb5-4fa4-a97d-d965ccfc6d4b" outcome="Passed" testListId="8c84fa94-04c1-424b-9868-57a2d4851a1d" relativeResultsDirectory="955501b9-0794-486d-ae17-7596c1624ecf">
    </UnitTestResult>
    <UnitTestResult executionId="6183d239-7730-434a-b9bf-d6290290b757" testId="00092199-c1a5-c9e4-044a-6e740415de2f" testName="CanGetRandom" computerName="BAHCND6303ZPY" duration="00:00:00.0151149" startTime="2017-11-29T14:30:52.0168965-05:00" endTime="2017-11-29T14:30:52.0339420-05:00" testType="13cdc9d9-ddb5-4fa4-a97d-d965ccfc6d4b" outcome="Passed" testListId="8c84fa94-04c1-424b-9868-57a2d4851a1d" relativeResultsDirectory="6183d239-7730-434a-b9bf-d6290290b757">
    </UnitTestResult>
  </Results>
</TestRun>