<?xml version="1.0" encoding="UTF-8"?>
<TestRun id="4fc1afd7-d27e-4e44-885e-f040d0dfaf8f" name="588648@BAHCND6303ZPY 2017-11-29 13:56:54" runUser="BAH\588648" xmlns="http://microsoft.com/schemas/VisualStudio/TeamTest/2010">
  <TestSettings name="Default Test Settings" id="179aa79d-8724-492d-b581-8aa85080c6c1">
    <Execution>
      <TestTypeSpecific />
      <AgentRule name="Execution Agents">
      </AgentRule>
    </Execution>
    <Deployment runDeploymentRoot="588648_BAHCND6303ZPY 2017-11-29 13_56_54" />
    <Properties />
  </TestSettings>
  <Times creation="2017-11-29T13:56:54.1364865-05:00" queuing="2017-11-29T13:56:54.7351215-05:00" start="2017-11-29T13:56:54.8764685-05:00" finish="2017-11-29T13:56:55.2584926-05:00" />
  <ResultSummary outcome="Failed">
    <Counters total="19" executed="19" passed="11" error="0" failed="8" timeout="0" aborted="0" inconclusive="0" passedButRunAborted="0" notRunnable="0" notExecuted="0" disconnected="0" warning="0" completed="0" inProgress="0" pending="0" />
  </ResultSummary>
  <TestDefinitions>
    <UnitTest name="CanAdjustModifier" storage="c:\users\588648\unity\wofm rpg\rpgtests\bin\debug\rpgtests.dll" id="5476d142-a1ca-9be5-9cdb-18e969017ee5">
      <Execution timeOut="1800000" id="a4771b0c-997d-4f91-9aca-b96bd0a3fc43" />
      <TestMethod codeBase="C:/Users/588648/Unity/WoFM RPG/RPGTests/bin/Debug/RPGTests.dll" adapterTypeName="Microsoft.VisualStudio.TestTools.TestTypes.Unit.UnitTestAdapter, Microsoft.VisualStudio.QualityTools.Tips.UnitTest.Adapter, Version=15.0.0.0, Culture=neutral, PublicKeyToken=b03f5f7f11d50a3a" className="RPGTests.AttributeTest, RPGTests, Version=1.0.0.0, Culture=neutral, PublicKeyToken=null" name="CanAdjustModifier" />
    </UnitTest>
    <UnitTest name="CanConstructAllStrings" storage="c:\users\588648\unity\wofm rpg\rpgtests\bin\debug\rpgtests.dll" id="47b57626-cd2e-0623-ffe5-52c57b316f86">
      <Execution timeOut="1800000" id="5c6a5b40-dff6-4925-a322-6be906b04316" />
      <TestMethod codeBase="C:/Users/588648/Unity/WoFM RPG/RPGTests/bin/Debug/RPGTests.dll" adapterTypeName="Microsoft.VisualStudio.TestTools.TestTypes.Unit.UnitTestAdapter, Microsoft.VisualStudio.QualityTools.Tips.UnitTest.Adapter, Version=15.0.0.0, Culture=neutral, PublicKeyToken=b03f5f7f11d50a3a" className="RPGTests.AttributeTest, RPGTests, Version=1.0.0.0, Culture=neutral, PublicKeyToken=null" name="CanConstructAllStrings" />
    </UnitTest>
    <UnitTest name="WillNotSetNullStringAbbr" storage="c:\users\588648\unity\wofm rpg\rpgtests\bin\debug\rpgtests.dll" id="047bc74f-ccbb-6d47-2902-637938a418bc">
      <Execution timeOut="1800000" id="3804082f-ef01-4639-b862-bf1ae9a89939" />
      <TestMethod codeBase="C:/Users/588648/Unity/WoFM RPG/RPGTests/bin/Debug/RPGTests.dll" adapterTypeName="Microsoft.VisualStudio.TestTools.TestTypes.Unit.UnitTestAdapter, Microsoft.VisualStudio.QualityTools.Tips.UnitTest.Adapter, Version=15.0.0.0, Culture=neutral, PublicKeyToken=b03f5f7f11d50a3a" className="RPGTests.AttributeTest, RPGTests, Version=1.0.0.0, Culture=neutral, PublicKeyToken=null" name="WillNotSetNullStringAbbr" />
    </UnitTest>
    <UnitTest name="CanCalculateFullValue" storage="c:\users\588648\unity\wofm rpg\rpgtests\bin\debug\rpgtests.dll" id="99e3a543-993d-9a41-f6ea-a013b4d01832">
      <Execution timeOut="1800000" id="93fe754f-1bd9-4124-b992-e2233b5726c9" />
      <TestMethod codeBase="C:/Users/588648/Unity/WoFM RPG/RPGTests/bin/Debug/RPGTests.dll" adapterTypeName="Microsoft.VisualStudio.TestTools.TestTypes.Unit.UnitTestAdapter, Microsoft.VisualStudio.QualityTools.Tips.UnitTest.Adapter, Version=15.0.0.0, Culture=neutral, PublicKeyToken=b03f5f7f11d50a3a" className="RPGTests.AttributeTest, RPGTests, Version=1.0.0.0, Culture=neutral, PublicKeyToken=null" name="CanCalculateFullValue" />
    </UnitTest>
    <UnitTest name="WillNotConstructStringNullDesc" storage="c:\users\588648\unity\wofm rpg\rpgtests\bin\debug\rpgtests.dll" id="dae9ea05-74ee-3254-9c15-e172e757d458">
      <Execution timeOut="1800000" id="ba9f5af7-fa33-4c1c-a7cf-0fc0c7679c95" />
      <TestMethod codeBase="C:/Users/588648/Unity/WoFM RPG/RPGTests/bin/Debug/RPGTests.dll" adapterTypeName="Microsoft.VisualStudio.TestTools.TestTypes.Unit.UnitTestAdapter, Microsoft.VisualStudio.QualityTools.Tips.UnitTest.Adapter, Version=15.0.0.0, Culture=neutral, PublicKeyToken=b03f5f7f11d50a3a" className="RPGTests.AttributeTest, RPGTests, Version=1.0.0.0, Culture=neutral, PublicKeyToken=null" name="WillNotConstructStringNullDesc" />
    </UnitTest>
    <UnitTest name="CanCreate" storage="c:\users\588648\unity\wofm rpg\rpgtests\bin\debug\rpgtests.dll" id="54525cae-3c79-3020-f5d8-8c662dcdc34a">
      <Execution timeOut="1800000" id="3655fe36-e1bd-4fe7-9b38-3f6d329c62e3" />
      <TestMethod codeBase="C:/Users/588648/Unity/WoFM RPG/RPGTests/bin/Debug/RPGTests.dll" adapterTypeName="Microsoft.VisualStudio.TestTools.TestTypes.Unit.UnitTestAdapter, Microsoft.VisualStudio.QualityTools.Tips.UnitTest.Adapter, Version=15.0.0.0, Culture=neutral, PublicKeyToken=b03f5f7f11d50a3a" className="RPGTests.Flyweights.RPGExceptionTest, RPGTests, Version=1.0.0.0, Culture=neutral, PublicKeyToken=null" name="CanCreate" />
    </UnitTest>
    <UnitTest name="WillNotConstructStringNullName2" storage="c:\users\588648\unity\wofm rpg\rpgtests\bin\debug\rpgtests.dll" id="f119cc69-e923-9cde-6ae9-705d11abf938">
      <Execution timeOut="1800000" id="6b63f9ac-61e1-44f9-85d3-ed4e74b58f6c" />
      <TestMethod codeBase="C:/Users/588648/Unity/WoFM RPG/RPGTests/bin/Debug/RPGTests.dll" adapterTypeName="Microsoft.VisualStudio.TestTools.TestTypes.Unit.UnitTestAdapter, Microsoft.VisualStudio.QualityTools.Tips.UnitTest.Adapter, Version=15.0.0.0, Culture=neutral, PublicKeyToken=b03f5f7f11d50a3a" className="RPGTests.AttributeTest, RPGTests, Version=1.0.0.0, Culture=neutral, PublicKeyToken=null" name="WillNotConstructStringNullName2" />
    </UnitTest>
    <UnitTest name="WillNotConstructStringNullName" storage="c:\users\588648\unity\wofm rpg\rpgtests\bin\debug\rpgtests.dll" id="4652a392-a5af-5316-9721-fdb506f322f9">
      <Execution timeOut="1800000" id="c2ffdac0-daf4-44e1-83ee-eb0b4193e113" />
      <TestMethod codeBase="C:/Users/588648/Unity/WoFM RPG/RPGTests/bin/Debug/RPGTests.dll" adapterTypeName="Microsoft.VisualStudio.TestTools.TestTypes.Unit.UnitTestAdapter, Microsoft.VisualStudio.QualityTools.Tips.UnitTest.Adapter, Version=15.0.0.0, Culture=neutral, PublicKeyToken=b03f5f7f11d50a3a" className="RPGTests.AttributeTest, RPGTests, Version=1.0.0.0, Culture=neutral, PublicKeyToken=null" name="WillNotConstructStringNullName" />
    </UnitTest>
    <UnitTest name="CanSetDesc" storage="c:\users\588648\unity\wofm rpg\rpgtests\bin\debug\rpgtests.dll" id="b7097a7a-0b2a-502d-892b-03190889bcaf">
      <Execution timeOut="1800000" id="7e3c9ce5-bc43-414d-8a30-bd43f67b59c1" />
      <TestMethod codeBase="C:/Users/588648/Unity/WoFM RPG/RPGTests/bin/Debug/RPGTests.dll" adapterTypeName="Microsoft.VisualStudio.TestTools.TestTypes.Unit.UnitTestAdapter, Microsoft.VisualStudio.QualityTools.Tips.UnitTest.Adapter, Version=15.0.0.0, Culture=neutral, PublicKeyToken=b03f5f7f11d50a3a" className="RPGTests.AttributeTest, RPGTests, Version=1.0.0.0, Culture=neutral, PublicKeyToken=null" name="CanSetDesc" />
    </UnitTest>
    <UnitTest name="CanSetName" storage="c:\users\588648\unity\wofm rpg\rpgtests\bin\debug\rpgtests.dll" id="642249cd-5ab3-6f65-1133-19acb8f50718">
      <Execution timeOut="1800000" id="6d4d09eb-a37a-452c-94fd-919b33dcdaee" />
      <TestMethod codeBase="C:/Users/588648/Unity/WoFM RPG/RPGTests/bin/Debug/RPGTests.dll" adapterTypeName="Microsoft.VisualStudio.TestTools.TestTypes.Unit.UnitTestAdapter, Microsoft.VisualStudio.QualityTools.Tips.UnitTest.Adapter, Version=15.0.0.0, Culture=neutral, PublicKeyToken=b03f5f7f11d50a3a" className="RPGTests.AttributeTest, RPGTests, Version=1.0.0.0, Culture=neutral, PublicKeyToken=null" name="CanSetName" />
    </UnitTest>
    <UnitTest name="CanSetBase" storage="c:\users\588648\unity\wofm rpg\rpgtests\bin\debug\rpgtests.dll" id="2b2c7923-45a5-dd7f-2f44-aff0def5371a">
      <Execution timeOut="1800000" id="e50de105-a6ca-4087-991e-a1ce5d220299" />
      <TestMethod codeBase="C:/Users/588648/Unity/WoFM RPG/RPGTests/bin/Debug/RPGTests.dll" adapterTypeName="Microsoft.VisualStudio.TestTools.TestTypes.Unit.UnitTestAdapter, Microsoft.VisualStudio.QualityTools.Tips.UnitTest.Adapter, Version=15.0.0.0, Culture=neutral, PublicKeyToken=b03f5f7f11d50a3a" className="RPGTests.AttributeTest, RPGTests, Version=1.0.0.0, Culture=neutral, PublicKeyToken=null" name="CanSetBase" />
    </UnitTest>
    <UnitTest name="CanSetAbbr" storage="c:\users\588648\unity\wofm rpg\rpgtests\bin\debug\rpgtests.dll" id="170c3ab7-e6a9-a78b-4701-9394b3cf3f61">
      <Execution timeOut="1800000" id="0be4ccda-8a9f-40e7-bd63-986785293591" />
      <TestMethod codeBase="C:/Users/588648/Unity/WoFM RPG/RPGTests/bin/Debug/RPGTests.dll" adapterTypeName="Microsoft.VisualStudio.TestTools.TestTypes.Unit.UnitTestAdapter, Microsoft.VisualStudio.QualityTools.Tips.UnitTest.Adapter, Version=15.0.0.0, Culture=neutral, PublicKeyToken=b03f5f7f11d50a3a" className="RPGTests.AttributeTest, RPGTests, Version=1.0.0.0, Culture=neutral, PublicKeyToken=null" name="CanSetAbbr" />
    </UnitTest>
    <UnitTest name="CanConstruct2Strings" storage="c:\users\588648\unity\wofm rpg\rpgtests\bin\debug\rpgtests.dll" id="e7adda1c-8cd3-1c6d-a2d1-3152a886e59c">
      <Execution timeOut="1800000" id="5c2dd542-5191-4be2-ae0d-af40f12cab90" />
      <TestMethod codeBase="C:/Users/588648/Unity/WoFM RPG/RPGTests/bin/Debug/RPGTests.dll" adapterTypeName="Microsoft.VisualStudio.TestTools.TestTypes.Unit.UnitTestAdapter, Microsoft.VisualStudio.QualityTools.Tips.UnitTest.Adapter, Version=15.0.0.0, Culture=neutral, PublicKeyToken=b03f5f7f11d50a3a" className="RPGTests.AttributeTest, RPGTests, Version=1.0.0.0, Culture=neutral, PublicKeyToken=null" name="CanConstruct2Strings" />
    </UnitTest>
    <UnitTest name="WillNotConstructNullStringAbbreviation" storage="c:\users\588648\unity\wofm rpg\rpgtests\bin\debug\rpgtests.dll" id="5eb59ec9-eba4-b6ff-a211-2a0a87517b35">
      <Execution timeOut="1800000" id="27b09e65-29ca-4444-9692-283896c3305b" />
      <TestMethod codeBase="C:/Users/588648/Unity/WoFM RPG/RPGTests/bin/Debug/RPGTests.dll" adapterTypeName="Microsoft.VisualStudio.TestTools.TestTypes.Unit.UnitTestAdapter, Microsoft.VisualStudio.QualityTools.Tips.UnitTest.Adapter, Version=15.0.0.0, Culture=neutral, PublicKeyToken=b03f5f7f11d50a3a" className="RPGTests.AttributeTest, RPGTests, Version=1.0.0.0, Culture=neutral, PublicKeyToken=null" name="WillNotConstructNullStringAbbreviation" />
    </UnitTest>
    <UnitTest name="WillNotConstructNullStringName" storage="c:\users\588648\unity\wofm rpg\rpgtests\bin\debug\rpgtests.dll" id="f1d6c4a0-d258-e8a3-9530-fe8bb4f19251">
      <Execution timeOut="1800000" id="07c4ab5a-7493-4613-84ba-7a07dadc19b7" />
      <TestMethod codeBase="C:/Users/588648/Unity/WoFM RPG/RPGTests/bin/Debug/RPGTests.dll" adapterTypeName="Microsoft.VisualStudio.TestTools.TestTypes.Unit.UnitTestAdapter, Microsoft.VisualStudio.QualityTools.Tips.UnitTest.Adapter, Version=15.0.0.0, Culture=neutral, PublicKeyToken=b03f5f7f11d50a3a" className="RPGTests.AttributeTest, RPGTests, Version=1.0.0.0, Culture=neutral, PublicKeyToken=null" name="WillNotConstructNullStringName" />
    </UnitTest>
    <UnitTest name="CanClearModifier" storage="c:\users\588648\unity\wofm rpg\rpgtests\bin\debug\rpgtests.dll" id="77736c10-5f5a-678c-e75f-bc3bd588b32a">
      <Execution timeOut="1800000" id="c9221e7f-a9e0-4245-ad00-d7428534d2d6" />
      <TestMethod codeBase="C:/Users/588648/Unity/WoFM RPG/RPGTests/bin/Debug/RPGTests.dll" adapterTypeName="Microsoft.VisualStudio.TestTools.TestTypes.Unit.UnitTestAdapter, Microsoft.VisualStudio.QualityTools.Tips.UnitTest.Adapter, Version=15.0.0.0, Culture=neutral, PublicKeyToken=b03f5f7f11d50a3a" className="RPGTests.AttributeTest, RPGTests, Version=1.0.0.0, Culture=neutral, PublicKeyToken=null" name="CanClearModifier" />
    </UnitTest>
    <UnitTest name="CanGetRandom" storage="c:\users\588648\unity\wofm rpg\rpgtests\bin\debug\rpgtests.dll" id="00092199-c1a5-c9e4-044a-6e740415de2f">
      <Execution timeOut="1800000" id="64860302-a833-4275-aede-2d471e6bb59e" />
      <TestMethod codeBase="C:/Users/588648/Unity/WoFM RPG/RPGTests/bin/Debug/RPGTests.dll" adapterTypeName="Microsoft.VisualStudio.TestTools.TestTypes.Unit.UnitTestAdapter, Microsoft.VisualStudio.QualityTools.Tips.UnitTest.Adapter, Version=15.0.0.0, Culture=neutral, PublicKeyToken=b03f5f7f11d50a3a" className="RPGTests.Singletons.DicerollerTest, RPGTests, Version=1.0.0.0, Culture=neutral, PublicKeyToken=null" name="CanGetRandom" />
    </UnitTest>
    <UnitTest name="WillNotSetNullStringDesc" storage="c:\users\588648\unity\wofm rpg\rpgtests\bin\debug\rpgtests.dll" id="057e90bb-be40-e925-14e8-f7130ffceb74">
      <Execution timeOut="1800000" id="b40f8370-36be-47e0-8418-5b4bd35ceedd" />
      <TestMethod codeBase="C:/Users/588648/Unity/WoFM RPG/RPGTests/bin/Debug/RPGTests.dll" adapterTypeName="Microsoft.VisualStudio.TestTools.TestTypes.Unit.UnitTestAdapter, Microsoft.VisualStudio.QualityTools.Tips.UnitTest.Adapter, Version=15.0.0.0, Culture=neutral, PublicKeyToken=b03f5f7f11d50a3a" className="RPGTests.AttributeTest, RPGTests, Version=1.0.0.0, Culture=neutral, PublicKeyToken=null" name="WillNotSetNullStringDesc" />
    </UnitTest>
    <UnitTest name="WillNotSetNullStringName" storage="c:\users\588648\unity\wofm rpg\rpgtests\bin\debug\rpgtests.dll" id="66cb89c9-d015-c05f-789c-7da48b797567">
      <Execution timeOut="1800000" id="a74f445b-4788-437a-a93a-f40d65af7afc" />
      <TestMethod codeBase="C:/Users/588648/Unity/WoFM RPG/RPGTests/bin/Debug/RPGTests.dll" adapterTypeName="Microsoft.VisualStudio.TestTools.TestTypes.Unit.UnitTestAdapter, Microsoft.VisualStudio.QualityTools.Tips.UnitTest.Adapter, Version=15.0.0.0, Culture=neutral, PublicKeyToken=b03f5f7f11d50a3a" className="RPGTests.AttributeTest, RPGTests, Version=1.0.0.0, Culture=neutral, PublicKeyToken=null" name="WillNotSetNullStringName" />
    </UnitTest>
  </TestDefinitions>
  <TestLists>
    <TestList name="Results Not in a List" id="8c84fa94-04c1-424b-9868-57a2d4851a1d" />
    <TestList name="All Loaded Results" id="19431567-8539-422a-85d7-44ee4e166bda" />
  </TestLists>
  <TestEntries>
    <TestEntry testId="5476d142-a1ca-9be5-9cdb-18e969017ee5" executionId="a4771b0c-997d-4f91-9aca-b96bd0a3fc43" testListId="8c84fa94-04c1-424b-9868-57a2d4851a1d" />
    <TestEntry testId="99e3a543-993d-9a41-f6ea-a013b4d01832" executionId="93fe754f-1bd9-4124-b992-e2233b5726c9" testListId="8c84fa94-04c1-424b-9868-57a2d4851a1d" />
    <TestEntry testId="77736c10-5f5a-678c-e75f-bc3bd588b32a" executionId="c9221e7f-a9e0-4245-ad00-d7428534d2d6" testListId="8c84fa94-04c1-424b-9868-57a2d4851a1d" />
    <TestEntry testId="e7adda1c-8cd3-1c6d-a2d1-3152a886e59c" executionId="5c2dd542-5191-4be2-ae0d-af40f12cab90" testListId="8c84fa94-04c1-424b-9868-57a2d4851a1d" />
    <TestEntry testId="47b57626-cd2e-0623-ffe5-52c57b316f86" executionId="5c6a5b40-dff6-4925-a322-6be906b04316" testListId="8c84fa94-04c1-424b-9868-57a2d4851a1d" />
    <TestEntry testId="170c3ab7-e6a9-a78b-4701-9394b3cf3f61" executionId="0be4ccda-8a9f-40e7-bd63-986785293591" testListId="8c84fa94-04c1-424b-9868-57a2d4851a1d" />
    <TestEntry testId="2b2c7923-45a5-dd7f-2f44-aff0def5371a" executionId="e50de105-a6ca-4087-991e-a1ce5d220299" testListId="8c84fa94-04c1-424b-9868-57a2d4851a1d" />
    <TestEntry testId="b7097a7a-0b2a-502d-892b-03190889bcaf" executionId="7e3c9ce5-bc43-414d-8a30-bd43f67b59c1" testListId="8c84fa94-04c1-424b-9868-57a2d4851a1d" />
    <TestEntry testId="642249cd-5ab3-6f65-1133-19acb8f50718" executionId="6d4d09eb-a37a-452c-94fd-919b33dcdaee" testListId="8c84fa94-04c1-424b-9868-57a2d4851a1d" />
    <TestEntry testId="5eb59ec9-eba4-b6ff-a211-2a0a87517b35" executionId="27b09e65-29ca-4444-9692-283896c3305b" testListId="8c84fa94-04c1-424b-9868-57a2d4851a1d" />
    <TestEntry testId="f1d6c4a0-d258-e8a3-9530-fe8bb4f19251" executionId="07c4ab5a-7493-4613-84ba-7a07dadc19b7" testListId="8c84fa94-04c1-424b-9868-57a2d4851a1d" />
    <TestEntry testId="dae9ea05-74ee-3254-9c15-e172e757d458" executionId="ba9f5af7-fa33-4c1c-a7cf-0fc0c7679c95" testListId="8c84fa94-04c1-424b-9868-57a2d4851a1d" />
    <TestEntry testId="4652a392-a5af-5316-9721-fdb506f322f9" executionId="c2ffdac0-daf4-44e1-83ee-eb0b4193e113" testListId="8c84fa94-04c1-424b-9868-57a2d4851a1d" />
    <TestEntry testId="f119cc69-e923-9cde-6ae9-705d11abf938" executionId="6b63f9ac-61e1-44f9-85d3-ed4e74b58f6c" testListId="8c84fa94-04c1-424b-9868-57a2d4851a1d" />
    <TestEntry testId="047bc74f-ccbb-6d47-2902-637938a418bc" executionId="3804082f-ef01-4639-b862-bf1ae9a89939" testListId="8c84fa94-04c1-424b-9868-57a2d4851a1d" />
    <TestEntry testId="057e90bb-be40-e925-14e8-f7130ffceb74" executionId="b40f8370-36be-47e0-8418-5b4bd35ceedd" testListId="8c84fa94-04c1-424b-9868-57a2d4851a1d" />
    <TestEntry testId="66cb89c9-d015-c05f-789c-7da48b797567" executionId="a74f445b-4788-437a-a93a-f40d65af7afc" testListId="8c84fa94-04c1-424b-9868-57a2d4851a1d" />
    <TestEntry testId="54525cae-3c79-3020-f5d8-8c662dcdc34a" executionId="3655fe36-e1bd-4fe7-9b38-3f6d329c62e3" testListId="8c84fa94-04c1-424b-9868-57a2d4851a1d" />
    <TestEntry testId="00092199-c1a5-c9e4-044a-6e740415de2f" executionId="64860302-a833-4275-aede-2d471e6bb59e" testListId="8c84fa94-04c1-424b-9868-57a2d4851a1d" />
  </TestEntries>
  <Results>
    <UnitTestResult executionId="a4771b0c-997d-4f91-9aca-b96bd0a3fc43" testId="5476d142-a1ca-9be5-9cdb-18e969017ee5" testName="CanAdjustModifier" computerName="BAHCND6303ZPY" duration="00:00:00.0314755" startTime="2017-11-29T13:56:54.9306129-05:00" endTime="2017-11-29T13:56:55.0409108-05:00" testType="13cdc9d9-ddb5-4fa4-a97d-d965ccfc6d4b" outcome="Passed" testListId="8c84fa94-04c1-424b-9868-57a2d4851a1d" relativeResultsDirectory="a4771b0c-997d-4f91-9aca-b96bd0a3fc43">
    </UnitTestResult>
    <UnitTestResult executionId="93fe754f-1bd9-4124-b992-e2233b5726c9" testId="99e3a543-993d-9a41-f6ea-a013b4d01832" testName="CanCalculateFullValue" computerName="BAHCND6303ZPY" duration="00:00:00.0009050" startTime="2017-11-29T13:56:55.0429275-05:00" endTime="2017-11-29T13:56:55.0449219-05:00" testType="13cdc9d9-ddb5-4fa4-a97d-d965ccfc6d4b" outcome="Passed" testListId="8c84fa94-04c1-424b-9868-57a2d4851a1d" relativeResultsDirectory="93fe754f-1bd9-4124-b992-e2233b5726c9">
    </UnitTestResult>
    <UnitTestResult executionId="c9221e7f-a9e0-4245-ad00-d7428534d2d6" testId="77736c10-5f5a-678c-e75f-bc3bd588b32a" testName="CanClearModifier" computerName="BAHCND6303ZPY" duration="00:00:00.0007060" startTime="2017-11-29T13:56:55.0469254-05:00" endTime="2017-11-29T13:56:55.0479339-05:00" testType="13cdc9d9-ddb5-4fa4-a97d-d965ccfc6d4b" outcome="Passed" testListId="8c84fa94-04c1-424b-9868-57a2d4851a1d" relativeResultsDirectory="c9221e7f-a9e0-4245-ad00-d7428534d2d6">
    </UnitTestResult>
    <UnitTestResult executionId="5c2dd542-5191-4be2-ae0d-af40f12cab90" testId="e7adda1c-8cd3-1c6d-a2d1-3152a886e59c" testName="CanConstruct2Strings" computerName="BAHCND6303ZPY" duration="00:00:00.0011739" startTime="2017-11-29T13:56:55.0499336-05:00" endTime="2017-11-29T13:56:55.0509361-05:00" testType="13cdc9d9-ddb5-4fa4-a97d-d965ccfc6d4b" outcome="Passed" testListId="8c84fa94-04c1-424b-9868-57a2d4851a1d" relativeResultsDirectory="5c2dd542-5191-4be2-ae0d-af40f12cab90">
    </UnitTestResult>
    <UnitTestResult executionId="5c6a5b40-dff6-4925-a322-6be906b04316" testId="47b57626-cd2e-0623-ffe5-52c57b316f86" testName="CanConstructAllStrings" computerName="BAHCND6303ZPY" duration="00:00:00.0005697" startTime="2017-11-29T13:56:55.0529415-05:00" endTime="2017-11-29T13:56:55.0539459-05:00" testType="13cdc9d9-ddb5-4fa4-a97d-d965ccfc6d4b" outcome="Passed" testListId="8c84fa94-04c1-424b-9868-57a2d4851a1d" relativeResultsDirectory="5c6a5b40-dff6-4925-a322-6be906b04316">
    </UnitTestResult>
    <UnitTestResult executionId="0be4ccda-8a9f-40e7-bd63-986785293591" testId="170c3ab7-e6a9-a78b-4701-9394b3cf3f61" testName="CanSetAbbr" computerName="BAHCND6303ZPY" duration="00:00:00.0015182" startTime="2017-11-29T13:56:55.0549507-05:00" endTime="2017-11-29T13:56:55.0579551-05:00" testType="13cdc9d9-ddb5-4fa4-a97d-d965ccfc6d4b" outcome="Passed" testListId="8c84fa94-04c1-424b-9868-57a2d4851a1d" relativeResultsDirectory="0be4ccda-8a9f-40e7-bd63-986785293591">
    </UnitTestResult>
    <UnitTestResult executionId="e50de105-a6ca-4087-991e-a1ce5d220299" testId="2b2c7923-45a5-dd7f-2f44-aff0def5371a" testName="CanSetBase" computerName="BAHCND6303ZPY" duration="00:00:00.0005293" startTime="2017-11-29T13:56:55.0589580-05:00" endTime="2017-11-29T13:56:55.0599620-05:00" testType="13cdc9d9-ddb5-4fa4-a97d-d965ccfc6d4b" outcome="Passed" testListId="8c84fa94-04c1-424b-9868-57a2d4851a1d" relativeResultsDirectory="e50de105-a6ca-4087-991e-a1ce5d220299">
    </UnitTestResult>
    <UnitTestResult executionId="7e3c9ce5-bc43-414d-8a30-bd43f67b59c1" testId="b7097a7a-0b2a-502d-892b-03190889bcaf" testName="CanSetDesc" computerName="BAHCND6303ZPY" duration="00:00:00.0007098" startTime="2017-11-29T13:56:55.0609641-05:00" endTime="2017-11-29T13:56:55.0629707-05:00" testType="13cdc9d9-ddb5-4fa4-a97d-d965ccfc6d4b" outcome="Passed" testListId="8c84fa94-04c1-424b-9868-57a2d4851a1d" relativeResultsDirectory="7e3c9ce5-bc43-414d-8a30-bd43f67b59c1">
    </UnitTestResult>
    <UnitTestResult executionId="6d4d09eb-a37a-452c-94fd-919b33dcdaee" testId="642249cd-5ab3-6f65-1133-19acb8f50718" testName="CanSetName" computerName="BAHCND6303ZPY" duration="00:00:00.0006286" startTime="2017-11-29T13:56:55.0639713-05:00" endTime="2017-11-29T13:56:55.0659763-05:00" testType="13cdc9d9-ddb5-4fa4-a97d-d965ccfc6d4b" outcome="Passed" testListId="8c84fa94-04c1-424b-9868-57a2d4851a1d" relativeResultsDirectory="6d4d09eb-a37a-452c-94fd-919b33dcdaee">
    </UnitTestResult>
    <UnitTestResult executionId="27b09e65-29ca-4444-9692-283896c3305b" testId="5eb59ec9-eba4-b6ff-a211-2a0a87517b35" testName="WillNotConstructNullStringAbbreviation" computerName="BAHCND6303ZPY" duration="00:00:00.0312108" startTime="2017-11-29T13:56:55.0669795-05:00" endTime="2017-11-29T13:56:55.1020734-05:00" testType="13cdc9d9-ddb5-4fa4-a97d-d965ccfc6d4b" outcome="Failed" testListId="8c84fa94-04c1-424b-9868-57a2d4851a1d" relativeResultsDirectory="27b09e65-29ca-4444-9692-283896c3305b">
      <Output>
        <ErrorInfo>
          <Message>Test method RPGTests.AttributeTest.WillNotConstructNullStringAbbreviation threw exception: 
RPGBase.Flyweights.RPGException: ErrorMessage [BAD_PARAMETERS user_message = Bad Parameters, developer_message = Name abbreviation cannot be null]</Message>
          <StackTrace>    at RPGBase.Flyweights.Attribute..ctor(String a, String n)
   at RPGTests.AttributeTest.WillNotConstructNullStringAbbreviation() in C:\Users\588648\Unity\WoFM RPG\RPGTests\Flyweights\AttributeTest.cs:line 128
</StackTrace>
        </ErrorInfo>
      </Output>
    </UnitTestResult>
    <UnitTestResult executionId="07c4ab5a-7493-4613-84ba-7a07dadc19b7" testId="f1d6c4a0-d258-e8a3-9530-fe8bb4f19251" testName="WillNotConstructNullStringName" computerName="BAHCND6303ZPY" duration="00:00:00.0176859" startTime="2017-11-29T13:56:55.1050809-05:00" endTime="2017-11-29T13:56:55.1231387-05:00" testType="13cdc9d9-ddb5-4fa4-a97d-d965ccfc6d4b" outcome="Failed" testListId="8c84fa94-04c1-424b-9868-57a2d4851a1d" relativeResultsDirectory="07c4ab5a-7493-4613-84ba-7a07dadc19b7">
      <Output>
        <ErrorInfo>
          <Message>Test method RPGTests.AttributeTest.WillNotConstructNullStringName threw exception: 
RPGBase.Flyweights.RPGException: ErrorMessage [BAD_PARAMETERS user_message = Bad Parameters, developer_message = Display name cannot be null]</Message>
          <StackTrace>    at RPGBase.Flyweights.Attribute..ctor(String a, String n)
   at RPGTests.AttributeTest.WillNotConstructNullStringName() in C:\Users\588648\Unity\WoFM RPG\RPGTests\Flyweights\AttributeTest.cs:line 135
</StackTrace>
        </ErrorInfo>
      </Output>
    </UnitTestResult>
    <UnitTestResult executionId="ba9f5af7-fa33-4c1c-a7cf-0fc0c7679c95" testId="dae9ea05-74ee-3254-9c15-e172e757d458" testName="WillNotConstructStringNullDesc" computerName="BAHCND6303ZPY" duration="00:00:00.0021654" startTime="2017-11-29T13:56:55.1251350-05:00" endTime="2017-11-29T13:56:55.1281444-05:00" testType="13cdc9d9-ddb5-4fa4-a97d-d965ccfc6d4b" outcome="Failed" testListId="8c84fa94-04c1-424b-9868-57a2d4851a1d" relativeResultsDirectory="ba9f5af7-fa33-4c1c-a7cf-0fc0c7679c95">
      <Output>
        <ErrorInfo>
          <Message>Test method RPGTests.AttributeTest.WillNotConstructStringNullDesc threw exception: 
RPGBase.Flyweights.RPGException: ErrorMessage [BAD_PARAMETERS user_message = Bad Parameters, developer_message = Description cannot be null]</Message>
          <StackTrace>    at RPGBase.Flyweights.Attribute..ctor(String a, String n, String desc)
   at RPGTests.AttributeTest.WillNotConstructStringNullDesc() in C:\Users\588648\Unity\WoFM RPG\RPGTests\Flyweights\AttributeTest.cs:line 142
</StackTrace>
        </ErrorInfo>
      </Output>
    </UnitTestResult>
    <UnitTestResult executionId="c2ffdac0-daf4-44e1-83ee-eb0b4193e113" testId="4652a392-a5af-5316-9721-fdb506f322f9" testName="WillNotConstructStringNullName" computerName="BAHCND6303ZPY" duration="00:00:00.0020457" startTime="2017-11-29T13:56:55.1301482-05:00" endTime="2017-11-29T13:56:55.1331584-05:00" testType="13cdc9d9-ddb5-4fa4-a97d-d965ccfc6d4b" outcome="Failed" testListId="8c84fa94-04c1-424b-9868-57a2d4851a1d" relativeResultsDirectory="c2ffdac0-daf4-44e1-83ee-eb0b4193e113">
      <Output>
        <ErrorInfo>
          <Message>Test method RPGTests.AttributeTest.WillNotConstructStringNullName threw exception: 
RPGBase.Flyweights.RPGException: ErrorMessage [BAD_PARAMETERS user_message = Bad Parameters, developer_message = Display name cannot be null]</Message>
          <StackTrace>    at RPGBase.Flyweights.Attribute..ctor(String a, String n)
   at RPGTests.AttributeTest.WillNotConstructStringNullName() in C:\Users\588648\Unity\WoFM RPG\RPGTests\Flyweights\AttributeTest.cs:line 149
</StackTrace>
        </ErrorInfo>
      </Output>
    </UnitTestResult>
    <UnitTestResult executionId="6b63f9ac-61e1-44f9-85d3-ed4e74b58f6c" testId="f119cc69-e923-9cde-6ae9-705d11abf938" testName="WillNotConstructStringNullName2" computerName="BAHCND6303ZPY" duration="00:00:00.0144477" startTime="2017-11-29T13:56:55.1351619-05:00" endTime="2017-11-29T13:56:55.1502016-05:00" testType="13cdc9d9-ddb5-4fa4-a97d-d965ccfc6d4b" outcome="Failed" testListId="8c84fa94-04c1-424b-9868-57a2d4851a1d" relativeResultsDirectory="6b63f9ac-61e1-44f9-85d3-ed4e74b58f6c">
      <Output>
        <ErrorInfo>
          <Message>Test method RPGTests.AttributeTest.WillNotConstructStringNullName2 threw exception: 
RPGBase.Flyweights.RPGException: ErrorMessage [BAD_PARAMETERS user_message = Bad Parameters, developer_message = Display name cannot be null]</Message>
          <StackTrace>    at RPGBase.Flyweights.Attribute..ctor(String a, String n, String desc)
   at RPGTests.AttributeTest.WillNotConstructStringNullName2() in C:\Users\588648\Unity\WoFM RPG\RPGTests\Flyweights\AttributeTest.cs:line 156
</StackTrace>
        </ErrorInfo>
      </Output>
    </UnitTestResult>
    <UnitTestResult executionId="3804082f-ef01-4639-b862-bf1ae9a89939" testId="047bc74f-ccbb-6d47-2902-637938a418bc" testName="WillNotSetNullStringAbbr" computerName="BAHCND6303ZPY" duration="00:00:00.0016779" startTime="2017-11-29T13:56:55.1532102-05:00" endTime="2017-11-29T13:56:55.1552152-05:00" testType="13cdc9d9-ddb5-4fa4-a97d-d965ccfc6d4b" outcome="Failed" testListId="8c84fa94-04c1-424b-9868-57a2d4851a1d" relativeResultsDirectory="3804082f-ef01-4639-b862-bf1ae9a89939">
      <Output>
        <ErrorInfo>
          <Message>Test method RPGTests.AttributeTest.WillNotSetNullStringAbbr threw exception: 
RPGBase.Flyweights.RPGException: ErrorMessage [BAD_PARAMETERS user_message = Bad Parameters, developer_message = Abbreviation cannot be null]</Message>
          <StackTrace>    at RPGBase.Flyweights.Attribute.set_Abbr(String value)
   at RPGTests.AttributeTest.WillNotSetNullStringAbbr() in C:\Users\588648\Unity\WoFM RPG\RPGTests\Flyweights\AttributeTest.cs:line 162
</StackTrace>
        </ErrorInfo>
      </Output>
    </UnitTestResult>
    <UnitTestResult executionId="b40f8370-36be-47e0-8418-5b4bd35ceedd" testId="057e90bb-be40-e925-14e8-f7130ffceb74" testName="WillNotSetNullStringDesc" computerName="BAHCND6303ZPY" duration="00:00:00.0056822" startTime="2017-11-29T13:56:55.1572210-05:00" endTime="2017-11-29T13:56:55.1642396-05:00" testType="13cdc9d9-ddb5-4fa4-a97d-d965ccfc6d4b" outcome="Failed" testListId="8c84fa94-04c1-424b-9868-57a2d4851a1d" relativeResultsDirectory="b40f8370-36be-47e0-8418-5b4bd35ceedd">
      <Output>
        <ErrorInfo>
          <Message>Test method RPGTests.AttributeTest.WillNotSetNullStringDesc threw exception: 
RPGBase.Flyweights.RPGException: ErrorMessage [BAD_PARAMETERS user_message = Bad Parameters, developer_message = Description cannot be null]</Message>
          <StackTrace>    at RPGBase.Flyweights.Attribute.set_Description(String value)
   at RPGTests.AttributeTest.WillNotSetNullStringDesc() in C:\Users\588648\Unity\WoFM RPG\RPGTests\Flyweights\AttributeTest.cs:line 168
</StackTrace>
        </ErrorInfo>
      </Output>
    </UnitTestResult>
    <UnitTestResult executionId="a74f445b-4788-437a-a93a-f40d65af7afc" testId="66cb89c9-d015-c05f-789c-7da48b797567" testName="WillNotSetNullStringName" computerName="BAHCND6303ZPY" duration="00:00:00.0020381" startTime="2017-11-29T13:56:55.1662469-05:00" endTime="2017-11-29T13:56:55.1682511-05:00" testType="13cdc9d9-ddb5-4fa4-a97d-d965ccfc6d4b" outcome="Failed" testListId="8c84fa94-04c1-424b-9868-57a2d4851a1d" relativeResultsDirectory="a74f445b-4788-437a-a93a-f40d65af7afc">
      <Output>
        <ErrorInfo>
          <Message>Test method RPGTests.AttributeTest.WillNotSetNullStringName threw exception: 
RPGBase.Flyweights.RPGException: ErrorMessage [BAD_PARAMETERS user_message = Bad Parameters, developer_message = Display name cannot be null]</Message>
          <StackTrace>    at RPGBase.Flyweights.Attribute.set_DisplayName(String value)
   at RPGTests.AttributeTest.WillNotSetNullStringName() in C:\Users\588648\Unity\WoFM RPG\RPGTests\Flyweights\AttributeTest.cs:line 174
</StackTrace>
        </ErrorInfo>
      </Output>
    </UnitTestResult>
    <UnitTestResult executionId="3655fe36-e1bd-4fe7-9b38-3f6d329c62e3" testId="54525cae-3c79-3020-f5d8-8c662dcdc34a" testName="CanCreate" computerName="BAHCND6303ZPY" duration="00:00:00.0020132" startTime="2017-11-29T13:56:55.1712586-05:00" endTime="2017-11-29T13:56:55.1742665-05:00" testType="13cdc9d9-ddb5-4fa4-a97d-d965ccfc6d4b" outcome="Passed" testListId="8c84fa94-04c1-424b-9868-57a2d4851a1d" relativeResultsDirectory="3655fe36-e1bd-4fe7-9b38-3f6d329c62e3">
    </UnitTestResult>
    <UnitTestResult executionId="64860302-a833-4275-aede-2d471e6bb59e" testId="00092199-c1a5-c9e4-044a-6e740415de2f" testName="CanGetRandom" computerName="BAHCND6303ZPY" duration="00:00:00.0386809" startTime="2017-11-29T13:56:55.1762719-05:00" endTime="2017-11-29T13:56:55.2153769-05:00" testType="13cdc9d9-ddb5-4fa4-a97d-d965ccfc6d4b" outcome="Passed" testListId="8c84fa94-04c1-424b-9868-57a2d4851a1d" relativeResultsDirectory="64860302-a833-4275-aede-2d471e6bb59e">
    </UnitTestResult>
  </Results>
</TestRun>